// Jest Snapshot v1, https://goo.gl/fbAQLP

exports[`<App> 1`] = `
<div
  className="rc-select select-0-2-1 rc-select-single rc-select-show-arrow"
  onBlur={[Function]}
  onFocus={[Function]}
  onKeyDown={[Function]}
  onKeyUp={[Function]}
  onMouseDown={[Function]}
>
  <div
    className="rc-select-selector"
    onClick={[Function]}
    onMouseDown={[Function]}
  >
    <span
      className="rc-select-selection-search"
    >
      <input
        aria-activedescendant="undefined_list_0"
        aria-autocomplete="list"
        aria-controls="undefined_list"
        aria-haspopup="listbox"
        aria-owns="undefined_list"
        autoComplete="off"
        className="rc-select-selection-search-input"
        onChange={[Function]}
        onCompositionEnd={[Function]}
        onCompositionStart={[Function]}
        onKeyDown={[Function]}
        onMouseDown={[Function]}
        onPaste={[Function]}
        readOnly={true}
        role="combobox"
        style={
          Object {
            "opacity": 0,
          }
        }
        type="search"
        unselectable="on"
        value=""
      />
    </span>
    <span
      className="rc-select-selection-placeholder"
    >
      Select Car Maker
    </span>
  </div>
  <span
    aria-hidden={true}
    className="rc-select-arrow"
    onMouseDown={[Function]}
    style={
      Object {
        "WebkitUserSelect": "none",
        "userSelect": "none",
      }
    }
    unselectable="on"
  >
    <span
      className="rc-select-arrow-icon"
    />
  </span>
</div>
`;
